
  .   ____          _            __ _ _
 /\\ / ___'_ __ _ _(_)_ __  __ _ \ \ \ \
( ( )\___ | '_ | '_| | '_ \/ _` | \ \ \ \
 \\/  ___)| |_)| | | | | || (_| |  ) ) ) )
  '  |____| .__|_| |_|_| |_\__, | / / / /
 =========|_|==============|___/=/_/_/_/

 :: Spring Boot ::                (v3.4.1)

2026-09-16T13:41:23.392+03:00  INFO 7840 --- [quality-controll-app] [           main] c.v.q.QualityControllAppApplication      : Starting QualityControllAppApplication v0.0.1-SNAPSHOT using Java 21.0.10 with PID 7840 (D:\Vadim\pet-projects\quality-controll-app\target\quality-control-app-0.0.1-SNAPSHOT.jar started by Denis-plus in D:\Vadim\pet-projects\quality-controll-app)
2026-09-16T13:41:23.408+03:00  INFO 7840 --- [quality-controll-app] [           main] c.v.q.QualityControllAppApplication      : No active profile set, falling back to 1 default profile: "default"
2026-09-16T13:41:24.337+03:00  INFO 7840 --- [quality-controll-app] [           main] o.s.b.f.s.DefaultListableBeanFactory     : Overriding bean definition for bean 'characterEncodingFilter' with a different definition: replacing [Root bean: class=null; scope=; abstract=false; lazyInit=null; autowireMode=3; dependencyCheck=0; autowireCandidate=true; primary=false; fallback=false; factoryBeanName=encodingFilter; factoryMethodName=characterEncodingFilter; initMethodNames=null; destroyMethodNames=[(inferred)]; defined in class path resource [com/vadimsjjs/qualitycontrollapp/config/EncodingFilter.class]] with [Root bean: class=null; scope=; abstract=false; lazyInit=null; autowireMode=3; dependencyCheck=0; autowireCandidate=true; primary=false; fallback=false; factoryBeanName=webConfig; factoryMethodName=characterEncodingFilter; initMethodNames=null; destroyMethodNames=[(inferred)]; defined in class path resource [com/vadimsjjs/qualitycontrollapp/config/WebConfig.class]]
2026-09-16T13:41:24.607+03:00  INFO 7840 --- [quality-controll-app] [           main] .s.d.r.c.RepositoryConfigurationDelegate : Bootstrapping Spring Data JPA repositories in DEFAULT mode.
2026-09-16T13:41:24.729+03:00  INFO 7840 --- [quality-controll-app] [           main] .s.d.r.c.RepositoryConfigurationDelegate : Finished Spring Data repository scanning in 107 ms. Found 12 JPA repository interfaces.
2026-09-16T13:41:25.952+03:00  INFO 7840 --- [quality-controll-app] [           main] o.s.b.w.embedded.tomcat.TomcatWebServer  : Tomcat initialized with port 8081 (http)
2026-09-16T13:41:25.984+03:00  INFO 7840 --- [quality-controll-app] [           main] o.apache.catalina.core.StandardService   : Starting service [Tomcat]
2026-09-16T13:41:25.985+03:00  INFO 7840 --- [quality-controll-app] [           main] o.apache.catalina.core.StandardEngine    : Starting Servlet engine: [Apache Tomcat/10.1.34]
2026-09-16T13:41:26.057+03:00  INFO 7840 --- [quality-controll-app] [           main] o.a.c.c.C.[Tomcat].[localhost].[/]       : Initializing Spring embedded WebApplicationContext
2026-09-16T13:41:26.060+03:00  INFO 7840 --- [quality-controll-app] [           main] w.s.c.ServletWebServerApplicationContext : Root WebApplicationContext: initialization completed in 2602 ms
2026-09-16T13:41:26.590+03:00  INFO 7840 --- [quality-controll-app] [           main] o.hibernate.jpa.internal.util.LogHelper  : HHH000204: Processing PersistenceUnitInfo [name: default]
2026-09-16T13:41:26.670+03:00  INFO 7840 --- [quality-controll-app] [           main] org.hibernate.Version                    : HHH000412: Hibernate ORM core version 6.6.4.Final
2026-09-16T13:41:26.716+03:00  INFO 7840 --- [quality-controll-app] [           main] o.h.c.internal.RegionFactoryInitiator    : HHH000026: Second-level cache disabled
2026-09-16T13:41:27.140+03:00  INFO 7840 --- [quality-controll-app] [           main] o.s.o.j.p.SpringPersistenceUnitInfo      : No LoadTimeWeaver setup: ignoring JPA class transformer
2026-09-16T13:41:27.204+03:00  INFO 7840 --- [quality-controll-app] [           main] com.zaxxer.hikari.HikariDataSource       : HikariPool-1 - Starting...
2026-09-16T13:41:28.354+03:00  INFO 7840 --- [quality-controll-app] [           main] com.zaxxer.hikari.pool.HikariPool        : HikariPool-1 - Added connection oracle.jdbc.driver.T4CConnection@46994f26
2026-09-16T13:41:28.357+03:00  INFO 7840 --- [quality-controll-app] [           main] com.zaxxer.hikari.HikariDataSource       : HikariPool-1 - Start completed.
2026-09-16T13:41:28.388+03:00  WARN 7840 --- [quality-controll-app] [           main] org.hibernate.dialect.Dialect            : HHH000511: The 11.2.0 version for [com.vadimsjjs.qualitycontrollapp.config.Oracle11gDialect] is no longer supported, hence certain features may not work properly. The minimum supported version is 19.0.0. Check the community dialects project for available legacy versions.
2026-09-16T13:41:28.824+03:00  INFO 7840 --- [quality-controll-app] [           main] org.hibernate.orm.connections.pooling    : HHH10001005: Database info:
	Database JDBC URL [Connecting through datasource 'HikariDataSource (HikariPool-1)']
	Database driver: undefined/unknown
	Database version: 11.2
	Autocommit mode: undefined/unknown
	Isolation level: undefined/unknown
	Minimum pool size: undefined/unknown
	Maximum pool size: undefined/unknown
2026-09-16T13:41:30.719+03:00  INFO 7840 --- [quality-controll-app] [           main] o.h.e.t.j.p.i.JtaPlatformInitiator       : HHH000489: No JTA platform available (set 'hibernate.transaction.jta.platform' to enable JTA platform integration)
2026-09-16T13:41:30.732+03:00  INFO 7840 --- [quality-controll-app] [           main] j.LocalContainerEntityManagerFactoryBean : Initialized JPA EntityManagerFactory for persistence unit 'default'
2026-09-16T13:41:31.434+03:00  INFO 7840 --- [quality-controll-app] [           main] o.s.d.j.r.query.QueryEnhancerFactory     : Hibernate is in classpath; If applicable, HQL parser will be used.
2026-09-16T13:41:35.271+03:00  INFO 7840 --- [quality-controll-app] [           main] eAuthenticationProviderManagerConfigurer : Global AuthenticationManager configured with AuthenticationProvider bean with name authenticationProvider
2026-09-16T13:41:35.272+03:00  WARN 7840 --- [quality-controll-app] [           main] r$InitializeUserDetailsManagerConfigurer : Global AuthenticationManager configured with an AuthenticationProvider bean. UserDetailsService beans will not be used by Spring Security for automatically configuring username/password login. Consider removing the AuthenticationProvider bean. Alternatively, consider using the UserDetailsService in a manually instantiated DaoAuthenticationProvider. If the current configuration is intentional, to turn off this warning, increase the logging level of 'org.springframework.security.config.annotation.authentication.configuration.InitializeUserDetailsBeanManagerConfigurer' to ERROR
2026-09-16T13:41:35.491+03:00  INFO 7840 --- [quality-controll-app] [           main] o.s.b.a.w.s.WelcomePageHandlerMapping    : Adding welcome page template: index
2026-09-16T13:41:36.311+03:00  INFO 7840 --- [quality-controll-app] [           main] o.s.s.w.a.c.ChannelProcessingFilter      : Validated configuration attributes
2026-09-16T13:41:37.609+03:00  INFO 7840 --- [quality-controll-app] [           main] o.s.b.w.embedded.tomcat.TomcatWebServer  : Tomcat started on port 8081 (http) with context path '/'
2026-09-16T13:41:37.634+03:00  INFO 7840 --- [quality-controll-app] [           main] c.v.q.QualityControllAppApplication      : Started QualityControllAppApplication in 14.851 seconds (process running for 15.585)
2026-09-16T13:42:46.883+03:00  INFO 7840 --- [quality-controll-app] [nio-8081-exec-1] o.a.c.c.C.[Tomcat].[localhost].[/]       : Initializing Spring DispatcherServlet 'dispatcherServlet'
2026-09-16T13:42:46.884+03:00  INFO 7840 --- [quality-controll-app] [nio-8081-exec-1] o.s.web.servlet.DispatcherServlet        : Initializing Servlet 'dispatcherServlet'
2026-09-16T13:42:46.887+03:00  INFO 7840 --- [quality-controll-app] [nio-8081-exec-1] o.s.web.servlet.DispatcherServlet        : Completed initialization in 2 ms
