[INFO] Scanning for projects...
[INFO] 
[INFO] -----------------< com.vadimsjjs:quality-control-app >------------------
[INFO] Building quality-control-app 0.0.1-SNAPSHOT
[INFO]   from pom.xml
[INFO] --------------------------------[ jar ]---------------------------------
[INFO] 
[INFO] >>> spring-boot:3.4.1:run (default-cli) > test-compile @ quality-control-app >>>
[INFO] 
[INFO] --- resources:3.3.1:resources (default-resources) @ quality-control-app ---
[INFO] Copying 1 resource from src\main\resources to target\classes
[INFO] Copying 40 resources from src\main\resources to target\classes
[INFO] 
[INFO] --- compiler:3.13.0:compile (default-compile) @ quality-control-app ---
[INFO] Nothing to compile - all classes are up to date.
[INFO] 
[INFO] --- resources:3.3.1:testResources (default-testResources) @ quality-control-app ---
[INFO] skip non existing resourceDirectory D:\Vadim\pet-projects\quality-controll-app\src\test\resources
[INFO] 
[INFO] --- compiler:3.13.0:testCompile (default-testCompile) @ quality-control-app ---
[INFO] Recompiling the module because of changed source code.
[INFO] Compiling 3 source files with javac [debug parameters release 17] to target\test-classes
[INFO] 
[INFO] <<< spring-boot:3.4.1:run (default-cli) < test-compile @ quality-control-app <<<
[INFO] 
[INFO] 
[INFO] --- spring-boot:3.4.1:run (default-cli) @ quality-control-app ---
[INFO] Attaching agents: []

  .   ____          _            __ _ _
 /\\ / ___'_ __ _ _(_)_ __  __ _ \ \ \ \
( ( )\___ | '_ | '_| | '_ \/ _` | \ \ \ \
 \\/  ___)| |_)| | | | | || (_| |  ) ) ) )
  '  |____| .__|_| |_|_| |_\__, | / / / /
 =========|_|==============|___/=/_/_/_/

 :: Spring Boot ::                (v3.4.1)

2026-09-16T13:40:50.742+03:00  INFO 14296 --- [quality-controll-app] [           main] c.v.q.QualityControllAppApplication      : Starting QualityControllAppApplication using Java 17.0.5 with PID 14296 (D:\Vadim\pet-projects\quality-controll-app\target\classes started by Denis-plus in D:\Vadim\pet-projects\quality-controll-app)
2026-09-16T13:40:50.744+03:00  INFO 14296 --- [quality-controll-app] [           main] c.v.q.QualityControllAppApplication      : No active profile set, falling back to 1 default profile: "default"
2026-09-16T13:40:51.246+03:00  INFO 14296 --- [quality-controll-app] [           main] o.s.b.f.s.DefaultListableBeanFactory     : Overriding bean definition for bean 'characterEncodingFilter' with a different definition: replacing [Root bean: class=null; scope=; abstract=false; lazyInit=null; autowireMode=3; dependencyCheck=0; autowireCandidate=true; primary=false; fallback=false; factoryBeanName=encodingFilter; factoryMethodName=characterEncodingFilter; initMethodNames=null; destroyMethodNames=[(inferred)]; defined in class path resource [com/vadimsjjs/qualitycontrollapp/config/EncodingFilter.class]] with [Root bean: class=null; scope=; abstract=false; lazyInit=null; autowireMode=3; dependencyCheck=0; autowireCandidate=true; primary=false; fallback=false; factoryBeanName=webConfig; factoryMethodName=characterEncodingFilter; initMethodNames=null; destroyMethodNames=[(inferred)]; defined in class path resource [com/vadimsjjs/qualitycontrollapp/config/WebConfig.class]]
2026-09-16T13:40:51.412+03:00  INFO 14296 --- [quality-controll-app] [           main] .s.d.r.c.RepositoryConfigurationDelegate : Bootstrapping Spring Data JPA repositories in DEFAULT mode.
2026-09-16T13:40:51.488+03:00  INFO 14296 --- [quality-controll-app] [           main] .s.d.r.c.RepositoryConfigurationDelegate : Finished Spring Data repository scanning in 69 ms. Found 12 JPA repository interfaces.
2026-09-16T13:40:52.121+03:00  INFO 14296 --- [quality-controll-app] [           main] o.s.b.w.embedded.tomcat.TomcatWebServer  : Tomcat initialized with port 8081 (http)
2026-09-16T13:40:52.134+03:00  INFO 14296 --- [quality-controll-app] [           main] o.apache.catalina.core.StandardService   : Starting service [Tomcat]
2026-09-16T13:40:52.135+03:00  INFO 14296 --- [quality-controll-app] [           main] o.apache.catalina.core.StandardEngine    : Starting Servlet engine: [Apache Tomcat/10.1.34]
2026-09-16T13:40:52.189+03:00  INFO 14296 --- [quality-controll-app] [           main] o.a.c.c.C.[Tomcat].[localhost].[/]       : Initializing Spring embedded WebApplicationContext
2026-09-16T13:40:52.190+03:00  INFO 14296 --- [quality-controll-app] [           main] w.s.c.ServletWebServerApplicationContext : Root WebApplicationContext: initialization completed in 1409 ms
2026-09-16T13:40:52.406+03:00  INFO 14296 --- [quality-controll-app] [           main] o.hibernate.jpa.internal.util.LogHelper  : HHH000204: Processing PersistenceUnitInfo [name: default]
2026-09-16T13:40:52.445+03:00  INFO 14296 --- [quality-controll-app] [           main] org.hibernate.Version                    : HHH000412: Hibernate ORM core version 6.6.4.Final
2026-09-16T13:40:52.475+03:00  INFO 14296 --- [quality-controll-app] [           main] o.h.c.internal.RegionFactoryInitiator    : HHH000026: Second-level cache disabled
2026-09-16T13:40:52.670+03:00  INFO 14296 --- [quality-controll-app] [           main] o.s.o.j.p.SpringPersistenceUnitInfo      : No LoadTimeWeaver setup: ignoring JPA class transformer
2026-09-16T13:40:52.692+03:00  INFO 14296 --- [quality-controll-app] [           main] com.zaxxer.hikari.HikariDataSource       : HikariPool-1 - Starting...
2026-09-16T13:40:52.942+03:00  INFO 14296 --- [quality-controll-app] [           main] com.zaxxer.hikari.pool.HikariPool        : HikariPool-1 - Added connection oracle.jdbc.driver.T4CConnection@e0847a9
2026-09-16T13:40:52.944+03:00  INFO 14296 --- [quality-controll-app] [           main] com.zaxxer.hikari.HikariDataSource       : HikariPool-1 - Start completed.
2026-09-16T13:40:52.963+03:00  WARN 14296 --- [quality-controll-app] [           main] org.hibernate.dialect.Dialect            : HHH000511: The 11.2.0 version for [com.vadimsjjs.qualitycontrollapp.config.Oracle11gDialect] is no longer supported, hence certain features may not work properly. The minimum supported version is 19.0.0. Check the community dialects project for available legacy versions.
2026-09-16T13:40:53.137+03:00  INFO 14296 --- [quality-controll-app] [           main] org.hibernate.orm.connections.pooling    : HHH10001005: Database info:
	Database JDBC URL [Connecting through datasource 'HikariDataSource (HikariPool-1)']
	Database driver: undefined/unknown
	Database version: 11.2
	Autocommit mode: undefined/unknown
	Isolation level: undefined/unknown
	Minimum pool size: undefined/unknown
	Maximum pool size: undefined/unknown
2026-09-16T13:40:53.986+03:00  INFO 14296 --- [quality-controll-app] [           main] o.h.e.t.j.p.i.JtaPlatformInitiator       : HHH000489: No JTA platform available (set 'hibernate.transaction.jta.platform' to enable JTA platform integration)
2026-09-16T13:40:53.989+03:00  INFO 14296 --- [quality-controll-app] [           main] j.LocalContainerEntityManagerFactoryBean : Initialized JPA EntityManagerFactory for persistence unit 'default'
2026-09-16T13:40:54.194+03:00  INFO 14296 --- [quality-controll-app] [           main] o.s.d.j.r.query.QueryEnhancerFactory     : Hibernate is in classpath; If applicable, HQL parser will be used.
2026-09-16T13:40:55.445+03:00  INFO 14296 --- [quality-controll-app] [           main] eAuthenticationProviderManagerConfigurer : Global AuthenticationManager configured with AuthenticationProvider bean with name authenticationProvider
2026-09-16T13:40:55.446+03:00  WARN 14296 --- [quality-controll-app] [           main] r$InitializeUserDetailsManagerConfigurer : Global AuthenticationManager configured with an AuthenticationProvider bean. UserDetailsService beans will not be used by Spring Security for automatically configuring username/password login. Consider removing the AuthenticationProvider bean. Alternatively, consider using the UserDetailsService in a manually instantiated DaoAuthenticationProvider. If the current configuration is intentional, to turn off this warning, increase the logging level of 'org.springframework.security.config.annotation.authentication.configuration.InitializeUserDetailsBeanManagerConfigurer' to ERROR
2026-09-16T13:40:55.510+03:00  INFO 14296 --- [quality-controll-app] [           main] o.s.b.a.w.s.WelcomePageHandlerMapping    : Adding welcome page template: index
2026-09-16T13:40:55.721+03:00  INFO 14296 --- [quality-controll-app] [           main] o.s.s.w.a.c.ChannelProcessingFilter      : Validated configuration attributes
2026-09-16T13:40:56.073+03:00  INFO 14296 --- [quality-controll-app] [           main] o.s.b.w.embedded.tomcat.TomcatWebServer  : Tomcat started on port 8081 (http) with context path '/'
2026-09-16T13:40:56.082+03:00  INFO 14296 --- [quality-controll-app] [           main] c.v.q.QualityControllAppApplication      : Started QualityControllAppApplication in 5.71 seconds (process running for 6.033)
