Starting Quality Control App...

  .   ____          _            __ _ _
 /\\ / ___'_ __ _ _(_)_ __  __ _ \ \ \ \
( ( )\___ | '_ | '_| | '_ \/ _` | \ \ \ \
 \\/  ___)| |_)| | | | | || (_| |  ) ) ) )
  '  |____| .__|_| |_|_| |_\__, | / / / /
 =========|_|==============|___/=/_/_/_/

 :: Spring Boot ::                (v3.4.1)

2026-09-16T13:52:26.814+03:00  INFO 12548 --- [quality-controll-app] [           main] c.v.q.QualityControllAppApplication      : Starting QualityControllAppApplication v0.0.1-SNAPSHOT using Java 21.0.10 with PID 12548 (D:\Vadim\pet-projects\quality-controll-app\target\quality-control-app-0.0.1-SNAPSHOT.jar started by Denis-plus in D:\Vadim\pet-projects\quality-controll-app)
2026-09-16T13:52:26.823+03:00  INFO 12548 --- [quality-controll-app] [           main] c.v.q.QualityControllAppApplication      : No active profile set, falling back to 1 default profile: "default"
2026-09-16T13:52:28.676+03:00  INFO 12548 --- [quality-controll-app] [           main] o.s.b.f.s.DefaultListableBeanFactory     : Overriding bean definition for bean 'characterEncodingFilter' with a different definition: replacing [Root bean: class=null; scope=; abstract=false; lazyInit=null; autowireMode=3; dependencyCheck=0; autowireCandidate=true; primary=false; fallback=false; factoryBeanName=encodingFilter; factoryMethodName=characterEncodingFilter; initMethodNames=null; destroyMethodNames=[(inferred)]; defined in class path resource [com/vadimsjjs/qualitycontrollapp/config/EncodingFilter.class]] with [Root bean: class=null; scope=; abstract=false; lazyInit=null; autowireMode=3; dependencyCheck=0; autowireCandidate=true; primary=false; fallback=false; factoryBeanName=webConfig; factoryMethodName=characterEncodingFilter; initMethodNames=null; destroyMethodNames=[(inferred)]; defined in class path resource [com/vadimsjjs/qualitycontrollapp/config/WebConfig.class]]
2026-09-16T13:52:29.179+03:00  INFO 12548 --- [quality-controll-app] [           main] .s.d.r.c.RepositoryConfigurationDelegate : Bootstrapping Spring Data JPA repositories in DEFAULT mode.
2026-09-16T13:52:29.408+03:00  INFO 12548 --- [quality-controll-app] [           main] .s.d.r.c.RepositoryConfigurationDelegate : Finished Spring Data repository scanning in 195 ms. Found 12 JPA repository interfaces.
2026-09-16T13:52:34.515+03:00  INFO 12548 --- [quality-controll-app] [           main] o.s.b.w.embedded.tomcat.TomcatWebServer  : Tomcat initialized with port 8082 (https)
2026-09-16T13:52:34.618+03:00  INFO 12548 --- [quality-controll-app] [           main] o.apache.catalina.core.StandardService   : Starting service [Tomcat]
2026-09-16T13:52:34.621+03:00  INFO 12548 --- [quality-controll-app] [           main] o.apache.catalina.core.StandardEngine    : Starting Servlet engine: [Apache Tomcat/10.1.34]
2026-09-16T13:52:34.926+03:00  INFO 12548 --- [quality-controll-app] [           main] o.a.c.c.C.[Tomcat].[localhost].[/]       : Initializing Spring embedded WebApplicationContext
2026-09-16T13:52:34.936+03:00  INFO 12548 --- [quality-controll-app] [           main] w.s.c.ServletWebServerApplicationContext : Root WebApplicationContext: initialization completed in 8029 ms
2026-09-16T13:52:36.178+03:00  INFO 12548 --- [quality-controll-app] [           main] o.hibernate.jpa.internal.util.LogHelper  : HHH000204: Processing PersistenceUnitInfo [name: default]
2026-09-16T13:52:36.467+03:00  INFO 12548 --- [quality-controll-app] [           main] org.hibernate.Version                    : HHH000412: Hibernate ORM core version 6.6.4.Final
2026-09-16T13:52:36.579+03:00  INFO 12548 --- [quality-controll-app] [           main] o.h.c.internal.RegionFactoryInitiator    : HHH000026: Second-level cache disabled
2026-09-16T13:52:37.463+03:00  INFO 12548 --- [quality-controll-app] [           main] o.s.o.j.p.SpringPersistenceUnitInfo      : No LoadTimeWeaver setup: ignoring JPA class transformer
2026-09-16T13:52:37.527+03:00  INFO 12548 --- [quality-controll-app] [           main] com.zaxxer.hikari.HikariDataSource       : HikariPool-1 - Starting...
2026-09-16T13:52:38.086+03:00  INFO 12548 --- [quality-controll-app] [           main] com.zaxxer.hikari.pool.HikariPool        : HikariPool-1 - Added connection oracle.jdbc.driver.T4CConnection@4bff28e7
2026-09-16T13:52:38.093+03:00  INFO 12548 --- [quality-controll-app] [           main] com.zaxxer.hikari.HikariDataSource       : HikariPool-1 - Start completed.
2026-09-16T13:52:38.133+03:00  WARN 12548 --- [quality-controll-app] [           main] org.hibernate.dialect.Dialect            : HHH000511: The 11.2.0 version for [com.vadimsjjs.qualitycontrollapp.config.Oracle11gDialect] is no longer supported, hence certain features may not work properly. The minimum supported version is 19.0.0. Check the community dialects project for available legacy versions.
2026-09-16T13:52:38.785+03:00  INFO 12548 --- [quality-controll-app] [           main] org.hibernate.orm.connections.pooling    : HHH10001005: Database info:
	Database JDBC URL [Connecting through datasource 'HikariDataSource (HikariPool-1)']
	Database driver: undefined/unknown
	Database version: 11.2
	Autocommit mode: undefined/unknown
	Isolation level: undefined/unknown
	Minimum pool size: undefined/unknown
	Maximum pool size: undefined/unknown
2026-09-16T13:52:40.957+03:00  INFO 12548 --- [quality-controll-app] [           main] o.h.e.t.j.p.i.JtaPlatformInitiator       : HHH000489: No JTA platform available (set 'hibernate.transaction.jta.platform' to enable JTA platform integration)
2026-09-16T13:52:40.962+03:00  INFO 12548 --- [quality-controll-app] [           main] j.LocalContainerEntityManagerFactoryBean : Initialized JPA EntityManagerFactory for persistence unit 'default'
2026-09-16T13:52:41.615+03:00  INFO 12548 --- [quality-controll-app] [           main] o.s.d.j.r.query.QueryEnhancerFactory     : Hibernate is in classpath; If applicable, HQL parser will be used.
2026-09-16T13:52:46.745+03:00  INFO 12548 --- [quality-controll-app] [           main] eAuthenticationProviderManagerConfigurer : Global AuthenticationManager configured with AuthenticationProvider bean with name authenticationProvider
2026-09-16T13:52:46.747+03:00  WARN 12548 --- [quality-controll-app] [           main] r$InitializeUserDetailsManagerConfigurer : Global AuthenticationManager configured with an AuthenticationProvider bean. UserDetailsService beans will not be used by Spring Security for automatically configuring username/password login. Consider removing the AuthenticationProvider bean. Alternatively, consider using the UserDetailsService in a manually instantiated DaoAuthenticationProvider. If the current configuration is intentional, to turn off this warning, increase the logging level of 'org.springframework.security.config.annotation.authentication.configuration.InitializeUserDetailsBeanManagerConfigurer' to ERROR
2026-09-16T13:52:47.338+03:00  INFO 12548 --- [quality-controll-app] [           main] o.s.b.a.w.s.WelcomePageHandlerMapping    : Adding welcome page template: index
2026-09-16T13:52:48.399+03:00  INFO 12548 --- [quality-controll-app] [           main] o.s.s.w.a.c.ChannelProcessingFilter      : Validated configuration attributes
2026-09-16T13:52:51.168+03:00  INFO 12548 --- [quality-controll-app] [           main] o.a.t.util.net.NioEndpoint.certificate   : Connector [https-jsse-nio-8082], TLS virtual host [_default_], certificate type [UNDEFINED] configured from keystore [C:\Users\denis-plus.BSW\.keystore] using alias [qualitycontrollapp] with trust store [null]
2026-09-16T13:52:51.228+03:00  INFO 12548 --- [quality-controll-app] [           main] o.s.b.w.embedded.tomcat.TomcatWebServer  : Tomcat started on port 8082 (https) with context path '/'
2026-09-16T13:52:51.248+03:00  INFO 12548 --- [quality-controll-app] [           main] c.v.q.QualityControllAppApplication      : Started QualityControllAppApplication in 25.471 seconds (process running for 26.756)
2026-09-16T13:53:32.007+03:00  INFO 12548 --- [quality-controll-app] [nio-8082-exec-5] o.a.c.c.C.[Tomcat].[localhost].[/]       : Initializing Spring DispatcherServlet 'dispatcherServlet'
2026-09-16T13:53:32.009+03:00  INFO 12548 --- [quality-controll-app] [nio-8082-exec-5] o.s.web.servlet.DispatcherServlet        : Initializing Servlet 'dispatcherServlet'
2026-09-16T13:53:32.012+03:00  INFO 12548 --- [quality-controll-app] [nio-8082-exec-5] o.s.web.servlet.DispatcherServlet        : Completed initialization in 2 ms
Для продолжения нажмите любую клавишу . . . 
