[INFO] Scanning for projects...
[INFO] 
[INFO] -----------------< com.vadimsjjs:quality-control-app >------------------
[INFO] Building quality-control-app 0.0.1-SNAPSHOT
[INFO]   from pom.xml
[INFO] --------------------------------[ jar ]---------------------------------
[INFO] 
[INFO] --- resources:3.3.1:resources (default-resources) @ quality-control-app ---
[INFO] Copying 1 resource from src\main\resources to target\classes
[INFO] Copying 35 resources from src\main\resources to target\classes
[INFO] 
[INFO] --- compiler:3.13.0:compile (default-compile) @ quality-control-app ---
[INFO] Recompiling the module because of changed source code.
[INFO] Compiling 75 source files with javac [debug parameters release 17] to target\classes
[INFO] 
[INFO] --- resources:3.3.1:testResources (default-testResources) @ quality-control-app ---
[INFO] skip non existing resourceDirectory D:\Vadim\pet-projects\quality-controll-app\src\test\resources
[INFO] 
[INFO] --- compiler:3.13.0:testCompile (default-testCompile) @ quality-control-app ---
[INFO] Recompiling the module because of changed dependency.
[INFO] Compiling 3 source files with javac [debug parameters release 17] to target\test-classes
[INFO] Some messages have been simplified; recompile with -Xdiags:verbose to get full output
[INFO] -------------------------------------------------------------
[WARNING] COMPILATION WARNING : 
[INFO] -------------------------------------------------------------
[WARNING] /D:/Vadim/pet-projects/quality-controll-app/src/test/java/com/vadimsjjs/qualitycontrollapp/controller/ReportControllerByActsSmokeTest.java:[48,6] org.springframework.boot.test.mock.mockito.MockBean in org.springframework.boot.test.mock.mockito has been deprecated and marked for removal
[WARNING] /D:/Vadim/pet-projects/quality-controll-app/src/test/java/com/vadimsjjs/qualitycontrollapp/controller/ReportControllerByActsSmokeTest.java:[48,6] org.springframework.boot.test.mock.mockito.MockBean in org.springframework.boot.test.mock.mockito has been deprecated and marked for removal
[WARNING] /D:/Vadim/pet-projects/quality-controll-app/src/test/java/com/vadimsjjs/qualitycontrollapp/controller/ReportControllerByActsSmokeTest.java:[48,6] org.springframework.boot.test.mock.mockito.MockBean in org.springframework.boot.test.mock.mockito has been deprecated and marked for removal
[WARNING] /D:/Vadim/pet-projects/quality-controll-app/src/test/java/com/vadimsjjs/qualitycontrollapp/controller/ReportControllerByActsSmokeTest.java:[48,6] org.springframework.boot.test.mock.mockito.MockBean in org.springframework.boot.test.mock.mockito has been deprecated and marked for removal
[WARNING] /D:/Vadim/pet-projects/quality-controll-app/src/test/java/com/vadimsjjs/qualitycontrollapp/controller/ReportControllerByActsSmokeTest.java:[48,6] org.springframework.boot.test.mock.mockito.MockBean in org.springframework.boot.test.mock.mockito has been deprecated and marked for removal
[WARNING] /D:/Vadim/pet-projects/quality-controll-app/src/test/java/com/vadimsjjs/qualitycontrollapp/controller/ReportControllerByActsSmokeTest.java:[50,6] org.springframework.boot.test.mock.mockito.MockBean in org.springframework.boot.test.mock.mockito has been deprecated and marked for removal
[WARNING] /D:/Vadim/pet-projects/quality-controll-app/src/test/java/com/vadimsjjs/qualitycontrollapp/controller/ReportControllerByActsSmokeTest.java:[50,6] org.springframework.boot.test.mock.mockito.MockBean in org.springframework.boot.test.mock.mockito has been deprecated and marked for removal
[WARNING] /D:/Vadim/pet-projects/quality-controll-app/src/test/java/com/vadimsjjs/qualitycontrollapp/controller/ReportControllerByActsSmokeTest.java:[50,6] org.springframework.boot.test.mock.mockito.MockBean in org.springframework.boot.test.mock.mockito has been deprecated and marked for removal
[WARNING] /D:/Vadim/pet-projects/quality-controll-app/src/test/java/com/vadimsjjs/qualitycontrollapp/controller/ReportControllerByActsSmokeTest.java:[50,6] org.springframework.boot.test.mock.mockito.MockBean in org.springframework.boot.test.mock.mockito has been deprecated and marked for removal
[WARNING] /D:/Vadim/pet-projects/quality-controll-app/src/test/java/com/vadimsjjs/qualitycontrollapp/controller/ReportControllerByActsSmokeTest.java:[50,6] org.springframework.boot.test.mock.mockito.MockBean in org.springframework.boot.test.mock.mockito has been deprecated and marked for removal
[WARNING] /D:/Vadim/pet-projects/quality-controll-app/src/test/java/com/vadimsjjs/qualitycontrollapp/controller/ReportControllerByActsSmokeTest.java:[52,6] org.springframework.boot.test.mock.mockito.MockBean in org.springframework.boot.test.mock.mockito has been deprecated and marked for removal
[WARNING] /D:/Vadim/pet-projects/quality-controll-app/src/test/java/com/vadimsjjs/qualitycontrollapp/controller/ReportControllerByActsSmokeTest.java:[52,6] org.springframework.boot.test.mock.mockito.MockBean in org.springframework.boot.test.mock.mockito has been deprecated and marked for removal
[WARNING] /D:/Vadim/pet-projects/quality-controll-app/src/test/java/com/vadimsjjs/qualitycontrollapp/controller/ReportControllerByActsSmokeTest.java:[52,6] org.springframework.boot.test.mock.mockito.MockBean in org.springframework.boot.test.mock.mockito has been deprecated and marked for removal
[WARNING] /D:/Vadim/pet-projects/quality-controll-app/src/test/java/com/vadimsjjs/qualitycontrollapp/controller/ReportControllerByActsSmokeTest.java:[52,6] org.springframework.boot.test.mock.mockito.MockBean in org.springframework.boot.test.mock.mockito has been deprecated and marked for removal
[WARNING] /D:/Vadim/pet-projects/quality-controll-app/src/test/java/com/vadimsjjs/qualitycontrollapp/controller/ReportControllerByActsSmokeTest.java:[52,6] org.springframework.boot.test.mock.mockito.MockBean in org.springframework.boot.test.mock.mockito has been deprecated and marked for removal
[INFO] 15 warnings 
[INFO] -------------------------------------------------------------
[INFO] -------------------------------------------------------------
[ERROR] COMPILATION ERROR : 
[INFO] -------------------------------------------------------------
[ERROR] /D:/Vadim/pet-projects/quality-controll-app/src/test/java/com/vadimsjjs/qualitycontrollapp/controller/ReportControllerByActsSmokeTest.java:[139,43] no suitable method found for create(byte[])
    method org.apache.poi.ss.usermodel.WorkbookFactory.create(boolean) is not applicable
      (argument mismatch; byte[] cannot be converted to boolean)
    method org.apache.poi.ss.usermodel.WorkbookFactory.create(org.apache.poi.poifs.filesystem.POIFSFileSystem) is not applicable
      (argument mismatch; byte[] cannot be converted to org.apache.poi.poifs.filesystem.POIFSFileSystem)
    method org.apache.poi.ss.usermodel.WorkbookFactory.create(org.apache.poi.poifs.filesystem.DirectoryNode) is not applicable
      (argument mismatch; byte[] cannot be converted to org.apache.poi.poifs.filesystem.DirectoryNode)
    method org.apache.poi.ss.usermodel.WorkbookFactory.create(java.io.InputStream) is not applicable
      (argument mismatch; byte[] cannot be converted to java.io.InputStream)
    method org.apache.poi.ss.usermodel.WorkbookFactory.create(java.io.File) is not applicable
      (argument mismatch; byte[] cannot be converted to java.io.File)
[INFO] 1 error
[INFO] -------------------------------------------------------------
[INFO] ------------------------------------------------------------------------
[INFO] BUILD FAILURE
[INFO] ------------------------------------------------------------------------
[INFO] Total time:  51.208 s
[INFO] Finished at: 2026-08-21T10:48:48+03:00
[INFO] ------------------------------------------------------------------------
[ERROR] Failed to execute goal org.apache.maven.plugins:maven-compiler-plugin:3.13.0:testCompile (default-testCompile) on project quality-control-app: Compilation failure
[ERROR] /D:/Vadim/pet-projects/quality-controll-app/src/test/java/com/vadimsjjs/qualitycontrollapp/controller/ReportControllerByActsSmokeTest.java:[139,43] no suitable method found for create(byte[])
[ERROR]     method org.apache.poi.ss.usermodel.WorkbookFactory.create(boolean) is not applicable
[ERROR]       (argument mismatch; byte[] cannot be converted to boolean)
[ERROR]     method org.apache.poi.ss.usermodel.WorkbookFactory.create(org.apache.poi.poifs.filesystem.POIFSFileSystem) is not applicable
[ERROR]       (argument mismatch; byte[] cannot be converted to org.apache.poi.poifs.filesystem.POIFSFileSystem)
[ERROR]     method org.apache.poi.ss.usermodel.WorkbookFactory.create(org.apache.poi.poifs.filesystem.DirectoryNode) is not applicable
[ERROR]       (argument mismatch; byte[] cannot be converted to org.apache.poi.poifs.filesystem.DirectoryNode)
[ERROR]     method org.apache.poi.ss.usermodel.WorkbookFactory.create(java.io.InputStream) is not applicable
[ERROR]       (argument mismatch; byte[] cannot be converted to java.io.InputStream)
[ERROR]     method org.apache.poi.ss.usermodel.WorkbookFactory.create(java.io.File) is not applicable
[ERROR]       (argument mismatch; byte[] cannot be converted to java.io.File)
[ERROR] 
[ERROR] -> [Help 1]
[ERROR] 
[ERROR] To see the full stack trace of the errors, re-run Maven with the -e switch.
[ERROR] Re-run Maven using the -X switch to enable full debug logging.
[ERROR] 
[ERROR] For more information about the errors and possible solutions, please read the following articles:
[ERROR] [Help 1] http://cwiki.apache.org/confluence/display/MAVEN/MojoFailureException
