[INFO] Scanning for projects...
[INFO] 
[INFO] -----------------< com.vadimsjjs:quality-control-app >------------------
[INFO] Building quality-control-app 0.0.1-SNAPSHOT
[INFO]   from pom.xml
[INFO] --------------------------------[ jar ]---------------------------------
[INFO] 
[INFO] --- resources:3.3.1:resources (default-resources) @ quality-control-app ---
[INFO] Copying 1 resource from src\main\resources to target\classes
[INFO] Copying 35 resources from src\main\resources to target\classes
[INFO] 
[INFO] --- compiler:3.13.0:compile (default-compile) @ quality-control-app ---
[INFO] Nothing to compile - all classes are up to date.
[INFO] 
[INFO] --- resources:3.3.1:testResources (default-testResources) @ quality-control-app ---
[INFO] skip non existing resourceDirectory D:\Vadim\pet-projects\quality-controll-app\src\test\resources
[INFO] 
[INFO] --- compiler:3.13.0:testCompile (default-testCompile) @ quality-control-app ---
[INFO] Recompiling the module because of changed source code.
[INFO] Compiling 3 source files with javac [debug parameters release 17] to target\test-classes
[INFO] -------------------------------------------------------------
[WARNING] COMPILATION WARNING : 
[INFO] -------------------------------------------------------------
[WARNING] /D:/Vadim/pet-projects/quality-controll-app/src/test/java/com/vadimsjjs/qualitycontrollapp/controller/ReportControllerByActsSmokeTest.java:[48,6] org.springframework.boot.test.mock.mockito.MockBean in org.springframework.boot.test.mock.mockito has been deprecated and marked for removal
[WARNING] /D:/Vadim/pet-projects/quality-controll-app/src/test/java/com/vadimsjjs/qualitycontrollapp/controller/ReportControllerByActsSmokeTest.java:[48,6] org.springframework.boot.test.mock.mockito.MockBean in org.springframework.boot.test.mock.mockito has been deprecated and marked for removal
[WARNING] /D:/Vadim/pet-projects/quality-controll-app/src/test/java/com/vadimsjjs/qualitycontrollapp/controller/ReportControllerByActsSmokeTest.java:[48,6] org.springframework.boot.test.mock.mockito.MockBean in org.springframework.boot.test.mock.mockito has been deprecated and marked for removal
[WARNING] /D:/Vadim/pet-projects/quality-controll-app/src/test/java/com/vadimsjjs/qualitycontrollapp/controller/ReportControllerByActsSmokeTest.java:[48,6] org.springframework.boot.test.mock.mockito.MockBean in org.springframework.boot.test.mock.mockito has been deprecated and marked for removal
[WARNING] /D:/Vadim/pet-projects/quality-controll-app/src/test/java/com/vadimsjjs/qualitycontrollapp/controller/ReportControllerByActsSmokeTest.java:[48,6] org.springframework.boot.test.mock.mockito.MockBean in org.springframework.boot.test.mock.mockito has been deprecated and marked for removal
[WARNING] /D:/Vadim/pet-projects/quality-controll-app/src/test/java/com/vadimsjjs/qualitycontrollapp/controller/ReportControllerByActsSmokeTest.java:[50,6] org.springframework.boot.test.mock.mockito.MockBean in org.springframework.boot.test.mock.mockito has been deprecated and marked for removal
[WARNING] /D:/Vadim/pet-projects/quality-controll-app/src/test/java/com/vadimsjjs/qualitycontrollapp/controller/ReportControllerByActsSmokeTest.java:[50,6] org.springframework.boot.test.mock.mockito.MockBean in org.springframework.boot.test.mock.mockito has been deprecated and marked for removal
[WARNING] /D:/Vadim/pet-projects/quality-controll-app/src/test/java/com/vadimsjjs/qualitycontrollapp/controller/ReportControllerByActsSmokeTest.java:[50,6] org.springframework.boot.test.mock.mockito.MockBean in org.springframework.boot.test.mock.mockito has been deprecated and marked for removal
[WARNING] /D:/Vadim/pet-projects/quality-controll-app/src/test/java/com/vadimsjjs/qualitycontrollapp/controller/ReportControllerByActsSmokeTest.java:[50,6] org.springframework.boot.test.mock.mockito.MockBean in org.springframework.boot.test.mock.mockito has been deprecated and marked for removal
[WARNING] /D:/Vadim/pet-projects/quality-controll-app/src/test/java/com/vadimsjjs/qualitycontrollapp/controller/ReportControllerByActsSmokeTest.java:[50,6] org.springframework.boot.test.mock.mockito.MockBean in org.springframework.boot.test.mock.mockito has been deprecated and marked for removal
[WARNING] /D:/Vadim/pet-projects/quality-controll-app/src/test/java/com/vadimsjjs/qualitycontrollapp/controller/ReportControllerByActsSmokeTest.java:[52,6] org.springframework.boot.test.mock.mockito.MockBean in org.springframework.boot.test.mock.mockito has been deprecated and marked for removal
[WARNING] /D:/Vadim/pet-projects/quality-controll-app/src/test/java/com/vadimsjjs/qualitycontrollapp/controller/ReportControllerByActsSmokeTest.java:[52,6] org.springframework.boot.test.mock.mockito.MockBean in org.springframework.boot.test.mock.mockito has been deprecated and marked for removal
[WARNING] /D:/Vadim/pet-projects/quality-controll-app/src/test/java/com/vadimsjjs/qualitycontrollapp/controller/ReportControllerByActsSmokeTest.java:[52,6] org.springframework.boot.test.mock.mockito.MockBean in org.springframework.boot.test.mock.mockito has been deprecated and marked for removal
[WARNING] /D:/Vadim/pet-projects/quality-controll-app/src/test/java/com/vadimsjjs/qualitycontrollapp/controller/ReportControllerByActsSmokeTest.java:[52,6] org.springframework.boot.test.mock.mockito.MockBean in org.springframework.boot.test.mock.mockito has been deprecated and marked for removal
[WARNING] /D:/Vadim/pet-projects/quality-controll-app/src/test/java/com/vadimsjjs/qualitycontrollapp/controller/ReportControllerByActsSmokeTest.java:[52,6] org.springframework.boot.test.mock.mockito.MockBean in org.springframework.boot.test.mock.mockito has been deprecated and marked for removal
[INFO] 15 warnings f
[INFO] -------------------------------------------------------------
[INFO] -------------------------------------------------------------
[ERROR] COMPILATION ERROR : 
[INFO] -------------------------------------------------------------
[ERROR] /D:/Vadim/pet-projects/quality-controll-app/src/test/java/com/vadimsjjs/qualitycontrollapp/controller/ReportControllerByActsSmokeTest.java:[98,53] unreported exception java.lang.Exception; must be caught or declared to be thrown
[ERROR] /D:/Vadim/pet-projects/quality-controll-app/src/test/java/com/vadimsjjs/qualitycontrollapp/controller/ReportControllerByActsSmokeTest.java:[99,59] unreported exception java.lang.Exception; must be caught or declared to be thrown
[ERROR] /D:/Vadim/pet-projects/quality-controll-app/src/test/java/com/vadimsjjs/qualitycontrollapp/controller/ReportControllerByActsSmokeTest.java:[100,52] unreported exception java.lang.Exception; must be caught or declared to be thrown
[ERROR] /D:/Vadim/pet-projects/quality-controll-app/src/test/java/com/vadimsjjs/qualitycontrollapp/controller/ReportControllerByActsSmokeTest.java:[101,58] unreported exception java.lang.Exception; must be caught or declared to be thrown
[INFO] 4 errors 
[INFO] -------------------------------------------------------------
[INFO] ------------------------------------------------------------------------
[INFO] BUILD FAILURE
[INFO] ------------------------------------------------------------------------
[INFO] Total time:  21.041 s
[INFO] Finished at: 2026-08-21T10:53:09+03:00
[INFO] ------------------------------------------------------------------------
[ERROR] Failed to execute goal org.apache.maven.plugins:maven-compiler-plugin:3.13.0:testCompile (default-testCompile) on project quality-control-app: Compilation failure: Compilation failure: 
[ERROR] /D:/Vadim/pet-projects/quality-controll-app/src/test/java/com/vadimsjjs/qualitycontrollapp/controller/ReportControllerByActsSmokeTest.java:[98,53] unreported exception java.lang.Exception; must be caught or declared to be thrown
[ERROR] /D:/Vadim/pet-projects/quality-controll-app/src/test/java/com/vadimsjjs/qualitycontrollapp/controller/ReportControllerByActsSmokeTest.java:[99,59] unreported exception java.lang.Exception; must be caught or declared to be thrown
[ERROR] /D:/Vadim/pet-projects/quality-controll-app/src/test/java/com/vadimsjjs/qualitycontrollapp/controller/ReportControllerByActsSmokeTest.java:[100,52] unreported exception java.lang.Exception; must be caught or declared to be thrown
[ERROR] /D:/Vadim/pet-projects/quality-controll-app/src/test/java/com/vadimsjjs/qualitycontrollapp/controller/ReportControllerByActsSmokeTest.java:[101,58] unreported exception java.lang.Exception; must be caught or declared to be thrown
[ERROR] -> [Help 1]
[ERROR] 
[ERROR] To see the full stack trace of the errors, re-run Maven with the -e switch.
[ERROR] Re-run Maven using the -X switch to enable full debug logging.
[ERROR] 
[ERROR] For more information about the errors and possible solutions, please read the following articles:
[ERROR] [Help 1] http://cwiki.apache.org/confluence/display/MAVEN/MojoFailureException
